C51 COMPILER V9.51   LCD                                                                   03/11/2015 10:27:33 PAGE 1   


C51 COMPILER V9.51, COMPILATION OF MODULE LCD
OBJECT MODULE PLACED IN ..\OUT\lcd.obj
COMPILER INVOKED BY: e:\Keil\C51\BIN\C51.EXE ..\LCD\lcd.c BROWSE DEBUG OBJECTEXTEND CODE LISTINCLUDE SYMBOLS PRINT(..\LI
                    -STING\lcd.lst) TABS(2) OBJECT(..\OUT\lcd.obj)

line level    source

   1          /************************************************************************
   2          ;copyright    :shenzhen coolwaveasia
   3          ;filename   :lcd.c
   4          ;lcd      :TC802B-01
   5          ;control mcu  :w78e52b
   6          ;writeby    :
   7          ;describe   :LCD control
   8          ;notice     :
   9          ;***********************************************************************/
  10          
  11          #include "..\lcd.h"
   1      =1  /************************************************************************************
   2      =1  ;copyrightn   :shenzhen coolwaveasia 
   3      =1  ;filename     :lcd.h
   4      =1  ;writeby      :dengyihong
   5      =1  ;*************************************************************************************/
   6      =1  
   7      =1  #ifndef _LCD_H
   8      =1  #define _LCD_H
   9      =1  
  10      =1  //#include "maindef.h"
  11      =1  //#include "io.h"
  12      =1  
  13      =1  #define U8 unsigned char
  14      =1  #define U16 unsigned int
  15      =1  
  16      =1  
  17      =1  
  18      =1  
  19      =1  #define   ROW(x)       (0x80|(x << 0x06))
  20      =1  #define   COL(x)       (x)
  21      =1  #define   LEN(x)       ((x-0x01) << 0x03)
  22      =1  
  23      =1  #define   LEN_MASK     0x38
  24      =1  #define   COL_MASK     0x07
  25      =1  #define   ROW_MASK     0xC0
  26      =1  #define   ROW_COL      (ROW_MASK|COL_MASK)
  27      =1    
  28      =1  #define   HexDisp(x)   HexDispArray[x]
  29      =1  #define   BYTE_LOW(x)  (x & 0x0F) 
  30      =1  #define   BYTE_HIGH(x) ((x & 0xF0)>>0x04)
  31      =1  /*
  32      =1  void ini_lcd(void);
  33      =1  void lcd_printf_char(U8 disp_char, U8 row_col);
  34      =1  void lcd_printf_string(U8 *disp_str, U8 row_len_col);
  35      =1  void lcd_write_reg(U8 command);
  36      =1  void lcd_write_data(U8 value);
  37      =1  void lcd_wait(void);
  38      =1  */
  39      =1  
  40      =1  void delay_2us(U16 delay_cnt);
  41      =1  
  42      =1  void ini_lcd(void);
  43      =1  void lcd_printf_char(U8 disp_char, U8 row_col);
C51 COMPILER V9.51   LCD                                                                   03/11/2015 10:27:33 PAGE 2   

  44      =1  void lcd_printf_string(U8 *disp_str, U8 row_len_col);
  45      =1  void lcd_write_reg(U8 command);
  46      =1  void lcd_write_data(U8 value);
  47      =1  void lcd_wait(void);
  48      =1  void hex_to_assic(U8 hex_data, U8 *str);
  49      =1  
  50      =1  //extern void delay_2us(U16 delay_cnt);
  51      =1  
  52      =1  
  53      =1  #endif
  12          #include <intrins.h>
   1      =1  /*--------------------------------------------------------------------------
   2      =1  INTRINS.H
   3      =1  
   4      =1  Intrinsic functions for C51.
   5      =1  Copyright (c) 1988-2010 Keil Elektronik GmbH and ARM Germany GmbH
   6      =1  All rights reserved.
   7      =1  --------------------------------------------------------------------------*/
   8      =1  
   9      =1  #ifndef __INTRINS_H__
  10      =1  #define __INTRINS_H__
  11      =1  
  12      =1  #pragma SAVE
  13      =1  
  14      =1  #if defined (__CX2__)
           =1 #pragma FUNCTIONS(STATIC)
           =1 /* intrinsic functions are reentrant, but need static attribute */
           =1 #endif
  18      =1  
  19      =1  extern void          _nop_     (void);
  20      =1  extern bit           _testbit_ (bit);
  21      =1  extern unsigned char _cror_    (unsigned char, unsigned char);
  22      =1  extern unsigned int  _iror_    (unsigned int,  unsigned char);
  23      =1  extern unsigned long _lror_    (unsigned long, unsigned char);
  24      =1  extern unsigned char _crol_    (unsigned char, unsigned char);
  25      =1  extern unsigned int  _irol_    (unsigned int,  unsigned char);
  26      =1  extern unsigned long _lrol_    (unsigned long, unsigned char);
  27      =1  extern unsigned char _chkfloat_(float);
  28      =1  #if defined (__CX2__)
           =1 extern int           abs       (int);
           =1 #endif
  31      =1  #if !defined (__CX2__)
  32      =1  extern void          _push_    (unsigned char _sfr);
  33      =1  extern void          _pop_     (unsigned char _sfr);
  34      =1  #endif
  35      =1  
  36      =1  #pragma RESTORE
  37      =1  
  38      =1  #endif
  39      =1  
  13          #include <string.h>
   1      =1  /*--------------------------------------------------------------------------
   2      =1  STRING.H
   3      =1  
   4      =1  String functions.
   5      =1  Copyright (c) 1988-2002 Keil Elektronik GmbH and Keil Software, Inc.
   6      =1  All rights reserved.
   7      =1  --------------------------------------------------------------------------*/
   8      =1  
   9      =1  #ifndef __STRING_H__
  10      =1  #define __STRING_H__
  11      =1  
C51 COMPILER V9.51   LCD                                                                   03/11/2015 10:27:33 PAGE 3   

  12      =1  #ifndef _SIZE_T
  13      =1   #define _SIZE_T
  14      =1   typedef unsigned int size_t;
  15      =1  #endif
  16      =1  
  17      =1  #ifndef NULL
  18      =1   #define NULL ((void *) 0L)
  19      =1  #endif
  20      =1  
  21      =1  #pragma SAVE
  22      =1  #pragma REGPARMS
  23      =1  extern char *strcat (char *s1, char *s2);
  24      =1  extern char *strncat (char *s1, char *s2, int n);
  25      =1  
  26      =1  extern char strcmp (char *s1, char *s2);
  27      =1  extern char strncmp (char *s1, char *s2, int n);
  28      =1  
  29      =1  extern char *strcpy (char *s1, char *s2);
  30      =1  extern char *strncpy (char *s1, char *s2, int n);
  31      =1  
  32      =1  extern int strlen (char *);
  33      =1  
  34      =1  extern char *strchr (const char *s, char c);
  35      =1  extern int strpos (const char *s, char c);
  36      =1  extern char *strrchr (const char *s, char c);
  37      =1  extern int strrpos (const char *s, char c);
  38      =1  
  39      =1  extern int strspn (char *s, char *set);
  40      =1  extern int strcspn (char *s, char *set);
  41      =1  extern char *strpbrk (char *s, char *set);
  42      =1  extern char *strrpbrk (char *s, char *set);
  43      =1  extern char *strstr  (char *s, char *sub);
  44      =1  extern char *strtok  (char *str, const char *set);
  45      =1  
  46      =1  extern char memcmp (void *s1, void *s2, int n);
  47      =1  extern void *memcpy (void *s1, void *s2, int n);
  48      =1  extern void *memchr (void *s, char val, int n);
  49      =1  extern void *memccpy (void *s1, void *s2, char val, int n);
  50      =1  extern void *memmove (void *s1, void *s2, int n);
  51      =1  extern void *memset  (void *s, char val, int n);
  52      =1  #pragma RESTORE
  53      =1  
  54      =1  #endif
  14          #include <reg52.h>
   1      =1  /*--------------------------------------------------------------------------
   2      =1  REG52.H
   3      =1  
   4      =1  Header file for generic 80C52 and 80C32 microcontroller.
   5      =1  Copyright (c) 1988-2002 Keil Elektronik GmbH and Keil Software, Inc.
   6      =1  All rights reserved.
   7      =1  --------------------------------------------------------------------------*/
   8      =1  
   9      =1  #ifndef __REG52_H__
  10      =1  #define __REG52_H__
  11      =1  
  12      =1  /*  BYTE Registers  */
  13      =1  sfr P0    = 0x80;
  14      =1  sfr P1    = 0x90;
  15      =1  sfr P2    = 0xA0;
  16      =1  sfr P3    = 0xB0;
  17      =1  sfr PSW   = 0xD0;
  18      =1  sfr ACC   = 0xE0;
C51 COMPILER V9.51   LCD                                                                   03/11/2015 10:27:33 PAGE 4   

  19      =1  sfr B     = 0xF0;
  20      =1  sfr SP    = 0x81;
  21      =1  sfr DPL   = 0x82;
  22      =1  sfr DPH   = 0x83;
  23      =1  sfr PCON  = 0x87;
  24      =1  sfr TCON  = 0x88;
  25      =1  sfr TMOD  = 0x89;
  26      =1  sfr TL0   = 0x8A;
  27      =1  sfr TL1   = 0x8B;
  28      =1  sfr TH0   = 0x8C;
  29      =1  sfr TH1   = 0x8D;
  30      =1  sfr IE    = 0xA8;
  31      =1  sfr IP    = 0xB8;
  32      =1  sfr SCON  = 0x98;
  33      =1  sfr SBUF  = 0x99;
  34      =1  
  35      =1  /*  8052 Extensions  */
  36      =1  sfr T2CON  = 0xC8;
  37      =1  sfr RCAP2L = 0xCA;
  38      =1  sfr RCAP2H = 0xCB;
  39      =1  sfr TL2    = 0xCC;
  40      =1  sfr TH2    = 0xCD;
  41      =1  
  42      =1  
  43      =1  /*  BIT Registers  */
  44      =1  /*  PSW  */
  45      =1  sbit CY    = PSW^7;
  46      =1  sbit AC    = PSW^6;
  47      =1  sbit F0    = PSW^5;
  48      =1  sbit RS1   = PSW^4;
  49      =1  sbit RS0   = PSW^3;
  50      =1  sbit OV    = PSW^2;
  51      =1  sbit P     = PSW^0; //8052 only
  52      =1  
  53      =1  /*  TCON  */
  54      =1  sbit TF1   = TCON^7;
  55      =1  sbit TR1   = TCON^6;
  56      =1  sbit TF0   = TCON^5;
  57      =1  sbit TR0   = TCON^4;
  58      =1  sbit IE1   = TCON^3;
  59      =1  sbit IT1   = TCON^2;
  60      =1  sbit IE0   = TCON^1;
  61      =1  sbit IT0   = TCON^0;
  62      =1  
  63      =1  /*  IE  */
  64      =1  sbit EA    = IE^7;
  65      =1  sbit ET2   = IE^5; //8052 only
  66      =1  sbit ES    = IE^4;
  67      =1  sbit ET1   = IE^3;
  68      =1  sbit EX1   = IE^2;
  69      =1  sbit ET0   = IE^1;
  70      =1  sbit EX0   = IE^0;
  71      =1  
  72      =1  /*  IP  */
  73      =1  sbit PT2   = IP^5;
  74      =1  sbit PS    = IP^4;
  75      =1  sbit PT1   = IP^3;
  76      =1  sbit PX1   = IP^2;
  77      =1  sbit PT0   = IP^1;
  78      =1  sbit PX0   = IP^0;
  79      =1  
  80      =1  /*  P3  */
C51 COMPILER V9.51   LCD                                                                   03/11/2015 10:27:33 PAGE 5   

  81      =1  sbit RD    = P3^7;
  82      =1  sbit WR    = P3^6;
  83      =1  sbit T1    = P3^5;
  84      =1  sbit T0    = P3^4;
  85      =1  sbit INT1  = P3^3;
  86      =1  sbit INT0  = P3^2;
  87      =1  sbit TXD   = P3^1;
  88      =1  sbit RXD   = P3^0;
  89      =1  
  90      =1  /*  SCON  */
  91      =1  sbit SM0   = SCON^7;
  92      =1  sbit SM1   = SCON^6;
  93      =1  sbit SM2   = SCON^5;
  94      =1  sbit REN   = SCON^4;
  95      =1  sbit TB8   = SCON^3;
  96      =1  sbit RB8   = SCON^2;
  97      =1  sbit TI    = SCON^1;
  98      =1  sbit RI    = SCON^0;
  99      =1  
 100      =1  /*  P1  */
 101      =1  sbit T2EX  = P1^1; // 8052 only
 102      =1  sbit T2    = P1^0; // 8052 only
 103      =1               
 104      =1  /*  T2CON  */
 105      =1  sbit TF2    = T2CON^7;
 106      =1  sbit EXF2   = T2CON^6;
 107      =1  sbit RCLK   = T2CON^5;
 108      =1  sbit TCLK   = T2CON^4;
 109      =1  sbit EXEN2  = T2CON^3;
 110      =1  sbit TR2    = T2CON^2;
 111      =1  sbit C_T2   = T2CON^1;
 112      =1  sbit CP_RL2 = T2CON^0;
 113      =1  
 114      =1  #endif
  15          
  16          
  17          // lcd bit define
  18          sbit     LCD_RW = P2^2;
  19          sbit     LCD_RS = P2^1;
  20          sbit     LCD_EN = P2^0;
  21          #define  LCD_DATA P0
  22          // sfr      LCD_DATA = 0x80; 
  23          
  24          
  25          
  26          
  27          /***********************************************************
  28          name:   ini_lcd   
  29          input:    none
  30          output:   none
  31          describe: 初始化LCD 
  32          notice:
  33          creat date: 2008-7-25
  34          creator:  dengyihong
  35          ************************************************************/
  36          void ini_lcd(void)
  37          {
  38   1          lcd_write_reg(0x38);
  39   1          lcd_write_reg(0x38);
  40   1          lcd_write_reg(0x38);
  41   1          lcd_write_reg(0x08);
  42   1          lcd_wait();
C51 COMPILER V9.51   LCD                                                                   03/11/2015 10:27:33 PAGE 6   

  43   1          lcd_write_reg(0x01);
  44   1          lcd_wait();
  45   1          delay_2us(50000);
  46   1          
  47   1          lcd_write_reg(0x14);
  48   1          lcd_wait();
  49   1          lcd_write_reg(0x06);
  50   1          lcd_wait();
  51   1          lcd_write_reg(0x80);
  52   1          lcd_wait();
  53   1          lcd_write_reg(0x0c);
  54   1          lcd_wait(); 
  55   1      }
  56          
  57          
  58          /***********************************************************
  59          name:   lcd_printf_string 
  60          input:    *disp_str  ---  存放显示字符的头指针
  61                row_len_col  ---  显示坐标参数及显示字符数
  62                row_len_col:
  63                  bit[7:6]: 显示行坐标
  64                  bit[5:3]: 显示字符长度
  65                  bit[2:0]: 显示字符的起始列坐标
  66          output:   none
  67          describe: 在屏幕上显示多个字符    
  68          notice:
  69          creat date: 2008-7-25
  70          creator:  dengyihong
  71          ************************************************************/
  72          void lcd_printf_string(U8 *disp_str, U8 row_len_col)
  73          {
  74   1          U8 i = 0;
  75   1          U8 len = 0;
  76   1          
  77   1          len = (row_len_col & LEN_MASK) >> 0x03;
  78   1          
  79   1          lcd_write_reg(row_len_col & ROW_COL);
  80   1          lcd_wait();
  81   1          
  82   1          for(i=0; i<=len; i++)
  83   1          {
  84   2              lcd_write_data(*disp_str++);
  85   2              lcd_wait(); 
  86   2          }
  87   1      }
  88          
  89          
  90          /***********************************************************
  91          name:   lcd_printf_char   
  92          input:    disp_char  ---  要显示的字符
  93                row_col    ---  显示坐标
  94          output:   none
  95          describe: 在屏幕上显示一个字符    
  96          notice:
  97          creat date: 2008-7-25
  98          creator:  dengyihong
  99          ************************************************************/
 100          /*
 101          void lcd_printf_char(U8 disp_char, U8 row_col)
 102          {
 103              lcd_write_reg(row_col & ROW_COL);
 104              lcd_wait();
C51 COMPILER V9.51   LCD                                                                   03/11/2015 10:27:33 PAGE 7   

 105              lcd_write_data(disp_char);
 106              lcd_wait(); 
 107          }
 108          */
 109          
 110          /***********************************************************
 111          name:   lcd_write_reg   
 112          input:    command  ---  要写入的命令
 113          output:   none
 114          describe: 写控制命令到LCD 
 115          notice:
 116          creat date: 2008-7-25
 117          creator:  dengyihong
 118          ************************************************************/
 119          void lcd_write_reg(U8 command)
 120          {
 121   1          LCD_DATA = command;   // 写控制命令
 122   1          LCD_RS = 0;
 123   1          LCD_RW = 0;
 124   1          LCD_EN = 1;
 125   1          delay_2us(100);
 126   1          LCD_EN = 0;
 127   1      }
 128          
 129          
 130          /***********************************************************
 131          name:   lcd_write_data    
 132          input:    value  ---  要写入的数据
 133          output:   none
 134          describe: 写数据到LCD 
 135          notice:
 136          creat date: 2008-7-25
 137          creator:  dengyihong
 138          ************************************************************/
 139          void lcd_write_data(U8 value)
 140          {
 141   1         LCD_DATA =  value;   //写数据
 142   1         LCD_RS = 1;
 143   1         LCD_RW = 0;
 144   1         LCD_EN = 1;
 145   1         delay_2us(100);
 146   1         LCD_EN = 0;  
 147   1      }
 148          
 149          /***********************************************************
 150          name:   lcd_wait  
 151          input:    none
 152          output:   none
 153          describe: 等待LCD内部操作完成 
 154          notice:
 155          creat date: 2008-7-25
 156          creator:  dengyihong
 157          ************************************************************/
 158          void lcd_wait(void)
 159          {
 160   1          U8 value = 0;
 161   1             
 162   1          do
 163   1          {
 164   2              LCD_RS = 0;
 165   2              LCD_RW = 1;
 166   2              LCD_EN = 1;
C51 COMPILER V9.51   LCD                                                                   03/11/2015 10:27:33 PAGE 8   

 167   2              value = LCD_DATA; 
 168   2              LCD_EN = 0;
 169   2          }while(value & 0x80);   // 等待内部操作完成 
 170   1      }
 171          
 172          /**********************************************************
 173          name:   delay_2us
 174          input:    delay_cnt
 175          output:   none
 176          describe: delay x*2us
 177          notice:
 178          creat date: 2008-7-24
 179          creator:  dengyihong
 180          **********************************************************/
 181          void delay_2us(U16 delay_cnt)
 182          {
 183   1          while(delay_cnt--);
 184   1      }
 185          
 186          void hex_to_assic(U8 hex_data, U8 *str)
 187          {
 188   1        if(hex_data < 10)
 189   1        {
 190   2          *str++ = hex_data + '0';
 191   2          *str++ = ' ';
 192   2          *str++ = ' ';
 193   2        }
 194   1        else if(hex_data < 100)
 195   1        {
 196   2          *str++ = hex_data/10 + '0';
 197   2          *str++ = hex_data%10 + '0';
 198   2          *str++ = ' ';
 199   2        }
 200   1        else if(hex_data <= 255)
 201   1        {
 202   2          *str++ = hex_data/100 + '0';
 203   2          *str++ = (hex_data/10)%10 + '0';
 204   2          *str++ = hex_data%10 + '0';
 205   2        }
 206   1      }
 207          
 208          
C51 COMPILER V9.51   LCD                                                                   03/11/2015 10:27:33 PAGE 9   

ASSEMBLY LISTING OF GENERATED OBJECT CODE


             ; FUNCTION ini_lcd (BEGIN)
                                           ; SOURCE LINE # 36
                                           ; SOURCE LINE # 37
                                           ; SOURCE LINE # 38
0000 7F38              MOV     R7,#038H
0002 120000      R     LCALL   _lcd_write_reg
                                           ; SOURCE LINE # 39
0005 7F38              MOV     R7,#038H
0007 120000      R     LCALL   _lcd_write_reg
                                           ; SOURCE LINE # 40
000A 7F38              MOV     R7,#038H
000C 120000      R     LCALL   _lcd_write_reg
                                           ; SOURCE LINE # 41
000F 7F08              MOV     R7,#08H
0011 120000      R     LCALL   _lcd_write_reg
                                           ; SOURCE LINE # 42
0014 120000      R     LCALL   lcd_wait
                                           ; SOURCE LINE # 43
0017 7F01              MOV     R7,#01H
0019 120000      R     LCALL   _lcd_write_reg
                                           ; SOURCE LINE # 44
001C 120000      R     LCALL   lcd_wait
                                           ; SOURCE LINE # 45
001F 7F50              MOV     R7,#050H
0021 7EC3              MOV     R6,#0C3H
0023 120000      R     LCALL   _delay_2us
                                           ; SOURCE LINE # 47
0026 7F14              MOV     R7,#014H
0028 120000      R     LCALL   _lcd_write_reg
                                           ; SOURCE LINE # 48
002B 120000      R     LCALL   lcd_wait
                                           ; SOURCE LINE # 49
002E 7F06              MOV     R7,#06H
0030 120000      R     LCALL   _lcd_write_reg
                                           ; SOURCE LINE # 50
0033 120000      R     LCALL   lcd_wait
                                           ; SOURCE LINE # 51
0036 7F80              MOV     R7,#080H
0038 120000      R     LCALL   _lcd_write_reg
                                           ; SOURCE LINE # 52
003B 120000      R     LCALL   lcd_wait
                                           ; SOURCE LINE # 53
003E 7F0C              MOV     R7,#0CH
0040 120000      R     LCALL   _lcd_write_reg
                                           ; SOURCE LINE # 54
0043 020000      R     LJMP    lcd_wait
             ; FUNCTION ini_lcd (END)

             ; FUNCTION _lcd_printf_string (BEGIN)
                                           ; SOURCE LINE # 72
0000 8B00        R     MOV     disp_str,R3
0002 8A00        R     MOV     disp_str+01H,R2
0004 8900        R     MOV     disp_str+02H,R1
;---- Variable 'row_len_col' assigned to Register 'R5' ----
                                           ; SOURCE LINE # 73
                                           ; SOURCE LINE # 74
0006 E4                CLR     A
0007 F500        R     MOV     i,A
                                           ; SOURCE LINE # 75
C51 COMPILER V9.51   LCD                                                                   03/11/2015 10:27:33 PAGE 10  

0009 F500        R     MOV     len,A
                                           ; SOURCE LINE # 77
000B ED                MOV     A,R5
000C 5438              ANL     A,#038H
000E 13                RRC     A
000F 13                RRC     A
0010 13                RRC     A
0011 541F              ANL     A,#01FH
0013 F500        R     MOV     len,A
                                           ; SOURCE LINE # 79
0015 ED                MOV     A,R5
0016 54C7              ANL     A,#0C7H
0018 FF                MOV     R7,A
0019 120000      R     LCALL   _lcd_write_reg
                                           ; SOURCE LINE # 80
001C 120000      R     LCALL   lcd_wait
                                           ; SOURCE LINE # 82
001F E4                CLR     A
0020 F500        R     MOV     i,A
0022         ?C0002:
0022 E500        R     MOV     A,i
0024 D3                SETB    C
0025 9500        R     SUBB    A,len
0027 501C              JNC     ?C0005
                                           ; SOURCE LINE # 83
                                           ; SOURCE LINE # 84
0029 AB00        R     MOV     R3,disp_str
002B 0500        R     INC     disp_str+02H
002D E500        R     MOV     A,disp_str+02H
002F AA00        R     MOV     R2,disp_str+01H
0031 7002              JNZ     ?C0021
0033 0500        R     INC     disp_str+01H
0035         ?C0021:
0035 14                DEC     A
0036 F9                MOV     R1,A
0037 120000      E     LCALL   ?C?CLDPTR
003A FF                MOV     R7,A
003B 120000      R     LCALL   _lcd_write_data
                                           ; SOURCE LINE # 85
003E 120000      R     LCALL   lcd_wait
                                           ; SOURCE LINE # 86
0041 0500        R     INC     i
0043 80DD              SJMP    ?C0002
                                           ; SOURCE LINE # 87
0045         ?C0005:
0045 22                RET     
             ; FUNCTION _lcd_printf_string (END)

             ; FUNCTION _lcd_write_reg (BEGIN)
                                           ; SOURCE LINE # 119
;---- Variable 'command' assigned to Register 'R7' ----
                                           ; SOURCE LINE # 120
                                           ; SOURCE LINE # 121
0000 8F80              MOV     P0,R7
                                           ; SOURCE LINE # 122
0002 C2A1              CLR     LCD_RS
                                           ; SOURCE LINE # 123
                                           ; SOURCE LINE # 124
                                           ; SOURCE LINE # 125
0004 120000      R     LCALL   L?0034
                                           ; SOURCE LINE # 126
0007 C2A0              CLR     LCD_EN
C51 COMPILER V9.51   LCD                                                                   03/11/2015 10:27:33 PAGE 11  

                                           ; SOURCE LINE # 127
0009 22                RET     
             ; FUNCTION _lcd_write_reg (END)

             ; FUNCTION _lcd_write_data (BEGIN)
                                           ; SOURCE LINE # 139
;---- Variable 'value' assigned to Register 'R7' ----
                                           ; SOURCE LINE # 140
                                           ; SOURCE LINE # 141
0000 8F80              MOV     P0,R7
                                           ; SOURCE LINE # 142
0002 D2A1              SETB    LCD_RS
                                           ; SOURCE LINE # 143
                                           ; SOURCE LINE # 144
                                           ; SOURCE LINE # 145
0004 120000      R     LCALL   L?0034
                                           ; SOURCE LINE # 146
0007 C2A0              CLR     LCD_EN
                                           ; SOURCE LINE # 147
0009 22                RET     
             ; FUNCTION _lcd_write_data (END)

             ; FUNCTION lcd_wait (BEGIN)
                                           ; SOURCE LINE # 158
                                           ; SOURCE LINE # 159
                                           ; SOURCE LINE # 160
;---- Variable 'value' assigned to Register 'R7' ----
0000         ?C0010:
                                           ; SOURCE LINE # 163
                                           ; SOURCE LINE # 164
0000 C2A1              CLR     LCD_RS
                                           ; SOURCE LINE # 165
0002 D2A2              SETB    LCD_RW
                                           ; SOURCE LINE # 166
0004 D2A0              SETB    LCD_EN
                                           ; SOURCE LINE # 167
0006 AF80              MOV     R7,P0
                                           ; SOURCE LINE # 168
0008 C2A0              CLR     LCD_EN
                                           ; SOURCE LINE # 169
000A EF                MOV     A,R7
000B 20E7F2            JB      ACC.7,?C0010
                                           ; SOURCE LINE # 170
000E 22                RET     
             ; FUNCTION lcd_wait (END)

             ; FUNCTION L?0034 (BEGIN)
0000 C2A2              CLR     LCD_RW
0002 D2A0              SETB    LCD_EN
0004 7F64              MOV     R7,#064H
0006 7E00              MOV     R6,#00H
             ; FUNCTION _delay_2us (BEGIN)
                                           ; SOURCE LINE # 181
;---- Variable 'delay_cnt' assigned to Register 'R6/R7' ----
                                           ; SOURCE LINE # 182
0008         ?C0012:
                                           ; SOURCE LINE # 183
0008 EF                MOV     A,R7
0009 1F                DEC     R7
000A AC06              MOV     R4,AR6
000C 7001              JNZ     ?C0022
000E 1E                DEC     R6
C51 COMPILER V9.51   LCD                                                                   03/11/2015 10:27:33 PAGE 12  

000F         ?C0022:
000F 4C                ORL     A,R4
0010 70F6              JNZ     ?C0012
0012         ?C0013:
                                           ; SOURCE LINE # 184
0012         ?C0014:
0012 22                RET     
             ; FUNCTION _delay_2us (END)

             ; FUNCTION _hex_to_assic (BEGIN)
                                           ; SOURCE LINE # 186
0000 8B00        R     MOV     str,R3
0002 8A00        R     MOV     str+01H,R2
0004 8900        R     MOV     str+02H,R1
;---- Variable 'hex_data' assigned to Register 'R7' ----
                                           ; SOURCE LINE # 187
                                           ; SOURCE LINE # 188
0006 EF                MOV     A,R7
0007 C3                CLR     C
0008 940A              SUBB    A,#0AH
000A 5033              JNC     ?C0015
                                           ; SOURCE LINE # 189
                                           ; SOURCE LINE # 190
000C EF                MOV     A,R7
000D 2430              ADD     A,#030H
000F FF                MOV     R7,A
0010 0500        R     INC     str+02H
0012 E500        R     MOV     A,str+02H
0014 7002              JNZ     ?C0023
0016 0500        R     INC     str+01H
0018         ?C0023:
0018 14                DEC     A
0019 F9                MOV     R1,A
001A EF                MOV     A,R7
001B 120000      E     LCALL   ?C?CSTPTR
                                           ; SOURCE LINE # 191
001E AB00        R     MOV     R3,str
0020 0500        R     INC     str+02H
0022 E500        R     MOV     A,str+02H
0024 AA00        R     MOV     R2,str+01H
0026 7002              JNZ     ?C0024
0028 0500        R     INC     str+01H
002A         ?C0024:
002A 14                DEC     A
002B F9                MOV     R1,A
002C 7420              MOV     A,#020H
002E 120000      E     LCALL   ?C?CSTPTR
                                           ; SOURCE LINE # 192
0031 AB00        R     MOV     R3,str
0033 0500        R     INC     str+02H
0035 E500        R     MOV     A,str+02H
0037 AA00        R     MOV     R2,str+01H
0039 704C              JNZ     ?C0032
003B 0500        R     INC     str+01H
003D         ?C0025:
                                           ; SOURCE LINE # 193
003D 8048              SJMP    ?C0032
003F         ?C0015:
                                           ; SOURCE LINE # 194
003F EF                MOV     A,R7
0040 C3                CLR     C
0041 9464              SUBB    A,#064H
C51 COMPILER V9.51   LCD                                                                   03/11/2015 10:27:33 PAGE 13  

0043 5048              JNC     ?C0017
                                           ; SOURCE LINE # 195
                                           ; SOURCE LINE # 196
0045 EF                MOV     A,R7
0046 75F00A            MOV     B,#0AH
0049 84                DIV     AB
004A 2430              ADD     A,#030H
004C FE                MOV     R6,A
004D AB00        R     MOV     R3,str
004F 0500        R     INC     str+02H
0051 E500        R     MOV     A,str+02H
0053 AA00        R     MOV     R2,str+01H
0055 7002              JNZ     ?C0026
0057 0500        R     INC     str+01H
0059         ?C0026:
0059 14                DEC     A
005A F9                MOV     R1,A
005B EE                MOV     A,R6
005C 120000      E     LCALL   ?C?CSTPTR
                                           ; SOURCE LINE # 197
005F EF                MOV     A,R7
0060 75F00A            MOV     B,#0AH
0063 84                DIV     AB
0064 E5F0              MOV     A,B
0066 2430              ADD     A,#030H
0068 FF                MOV     R7,A
0069 AB00        R     MOV     R3,str
006B 0500        R     INC     str+02H
006D E500        R     MOV     A,str+02H
006F AA00        R     MOV     R2,str+01H
0071 7002              JNZ     ?C0027
0073 0500        R     INC     str+01H
0075         ?C0027:
0075 14                DEC     A
0076 F9                MOV     R1,A
0077 EF                MOV     A,R7
0078 120000      E     LCALL   ?C?CSTPTR
                                           ; SOURCE LINE # 198
007B AB00        R     MOV     R3,str
007D 0500        R     INC     str+02H
007F E500        R     MOV     A,str+02H
0081 AA00        R     MOV     R2,str+01H
0083 7002              JNZ     ?C0028
0085 0500        R     INC     str+01H
0087         ?C0028:
0087         ?C0032:
0087 14                DEC     A
0088 F9                MOV     R1,A
0089 7420              MOV     A,#020H
                                           ; SOURCE LINE # 199
008B 8059              SJMP    ?C0033
008D         ?C0017:
                                           ; SOURCE LINE # 200
008D EF                MOV     A,R7
008E D3                SETB    C
008F 94FF              SUBB    A,#0FFH
0091 5056              JNC     ?C0020
                                           ; SOURCE LINE # 201
                                           ; SOURCE LINE # 202
0093 EF                MOV     A,R7
0094 75F064            MOV     B,#064H
0097 84                DIV     AB
C51 COMPILER V9.51   LCD                                                                   03/11/2015 10:27:33 PAGE 14  

0098 2430              ADD     A,#030H
009A FE                MOV     R6,A
009B AB00        R     MOV     R3,str
009D 0500        R     INC     str+02H
009F E500        R     MOV     A,str+02H
00A1 AA00        R     MOV     R2,str+01H
00A3 7002              JNZ     ?C0029
00A5 0500        R     INC     str+01H
00A7         ?C0029:
00A7 14                DEC     A
00A8 F9                MOV     R1,A
00A9 EE                MOV     A,R6
00AA 120000      E     LCALL   ?C?CSTPTR
                                           ; SOURCE LINE # 203
00AD EF                MOV     A,R7
00AE 75F00A            MOV     B,#0AH
00B1 84                DIV     AB
00B2 75F00A            MOV     B,#0AH
00B5 84                DIV     AB
00B6 E5F0              MOV     A,B
00B8 2430              ADD     A,#030H
00BA FE                MOV     R6,A
00BB AB00        R     MOV     R3,str
00BD 0500        R     INC     str+02H
00BF E500        R     MOV     A,str+02H
00C1 AA00        R     MOV     R2,str+01H
00C3 7002              JNZ     ?C0030
00C5 0500        R     INC     str+01H
00C7         ?C0030:
00C7 14                DEC     A
00C8 F9                MOV     R1,A
00C9 EE                MOV     A,R6
00CA 120000      E     LCALL   ?C?CSTPTR
                                           ; SOURCE LINE # 204
00CD EF                MOV     A,R7
00CE 75F00A            MOV     B,#0AH
00D1 84                DIV     AB
00D2 E5F0              MOV     A,B
00D4 2430              ADD     A,#030H
00D6 FF                MOV     R7,A
00D7 AB00        R     MOV     R3,str
00D9 0500        R     INC     str+02H
00DB E500        R     MOV     A,str+02H
00DD AA00        R     MOV     R2,str+01H
00DF 7002              JNZ     ?C0031
00E1 0500        R     INC     str+01H
00E3         ?C0031:
00E3 14                DEC     A
00E4 F9                MOV     R1,A
00E5 EF                MOV     A,R7
00E6         ?C0033:
00E6 120000      E     LCALL   ?C?CSTPTR
                                           ; SOURCE LINE # 205
                                           ; SOURCE LINE # 206
00E9         ?C0020:
00E9 22                RET     
             ; FUNCTION _hex_to_assic (END)

C51 COMPILER V9.51   LCD                                                                   03/11/2015 10:27:33 PAGE 15  

NAME                                    CLASS   MSPACE  TYPE    OFFSET  SIZE
====                                    =====   ======  ====    ======  ====


P0 . . . . . . . . . . . . . . . . . .  SFR      DATA   U_CHAR   0080H  1
P1 . . . . . . . . . . . . . . . . . .  SFR      DATA   U_CHAR   0090H  1
P2 . . . . . . . . . . . . . . . . . .  SFR      DATA   U_CHAR   00A0H  1
_hex_to_assic. . . . . . . . . . . . .  PUBLIC   CODE   PROC     0000H  -----
  hex_data . . . . . . . . . . . . . .  * REG *  DATA   U_CHAR   0007H  1
  str. . . . . . . . . . . . . . . . .  AUTO     DATA   PTR      0000H  3
P3 . . . . . . . . . . . . . . . . . .  SFR      DATA   U_CHAR   00B0H  1
IE . . . . . . . . . . . . . . . . . .  SFR      DATA   U_CHAR   00A8H  1
_delay_2us . . . . . . . . . . . . . .  PUBLIC   CODE   PROC     0008H  -----
  delay_cnt. . . . . . . . . . . . . .  * REG *  DATA   U_INT    0006H  2
size_t . . . . . . . . . . . . . . . .  TYPEDEF  -----  U_INT    -----  2
IP . . . . . . . . . . . . . . . . . .  SFR      DATA   U_CHAR   00B8H  1
_lcd_printf_string . . . . . . . . . .  PUBLIC   CODE   PROC     0000H  -----
  disp_str . . . . . . . . . . . . . .  AUTO     DATA   PTR      0000H  3
  row_len_col. . . . . . . . . . . . .  * REG *  DATA   U_CHAR   0005H  1
  i. . . . . . . . . . . . . . . . . .  AUTO     DATA   U_CHAR   0003H  1
  len. . . . . . . . . . . . . . . . .  AUTO     DATA   U_CHAR   0004H  1
SCON . . . . . . . . . . . . . . . . .  SFR      DATA   U_CHAR   0098H  1
TCON . . . . . . . . . . . . . . . . .  SFR      DATA   U_CHAR   0088H  1
_lcd_write_data. . . . . . . . . . . .  PUBLIC   CODE   PROC     0000H  -----
  value. . . . . . . . . . . . . . . .  * REG *  DATA   U_CHAR   0007H  1
LCD_EN . . . . . . . . . . . . . . . .  ABSBIT   -----  BIT      00A0H  1
lcd_wait . . . . . . . . . . . . . . .  PUBLIC   CODE   PROC     0000H  -----
  value. . . . . . . . . . . . . . . .  * REG *  DATA   U_CHAR   0007H  1
ini_lcd. . . . . . . . . . . . . . . .  PUBLIC   CODE   PROC     0000H  -----
LCD_RS . . . . . . . . . . . . . . . .  ABSBIT   -----  BIT      00A1H  1
LCD_RW . . . . . . . . . . . . . . . .  ABSBIT   -----  BIT      00A2H  1
_lcd_write_reg . . . . . . . . . . . .  PUBLIC   CODE   PROC     0000H  -----
  command. . . . . . . . . . . . . . .  * REG *  DATA   U_CHAR   0007H  1
T2CON. . . . . . . . . . . . . . . . .  SFR      DATA   U_CHAR   00C8H  1
PSW. . . . . . . . . . . . . . . . . .  SFR      DATA   U_CHAR   00D0H  1


MODULE INFORMATION:   STATIC OVERLAYABLE
   CODE SIZE        =    428    ----
   CONSTANT SIZE    =   ----    ----
   XDATA SIZE       =   ----    ----
   PDATA SIZE       =   ----    ----
   DATA SIZE        =   ----       8
   IDATA SIZE       =   ----    ----
   BIT SIZE         =   ----    ----
END OF MODULE INFORMATION.


C51 COMPILATION COMPLETE.  0 WARNING(S),  0 ERROR(S)
