C51 COMPILER V9.51   MCU_STC11L04                                                          03/11/2015 10:27:33 PAGE 1   


C51 COMPILER V9.51, COMPILATION OF MODULE MCU_STC11L04
OBJECT MODULE PLACED IN ..\OUT\MCU-STC11L04.obj
COMPILER INVOKED BY: e:\Keil\C51\BIN\C51.EXE ..\MCU\MCU-STC11L04.c BROWSE DEBUG OBJECTEXTEND CODE LISTINCLUDE SYMBOLS PR
                    -INT(..\LISTING\MCU-STC11L04.lst) TABS(2) OBJECT(..\OUT\MCU-STC11L04.obj)

line level    source

   1          #include "MCU-STC11L04.h"
   1      =1  
   2      =1  
   3      =1  #ifndef __MCU_STC11L04_H
   4      =1  #define __MCU_STC11L04_H
   5      =1  
   6      =1  #if 0
           =1 #define SYSCLK  12000000
           =1 #define BAUDRATE  57600//9600
           =1 #else
  10      =1  #define SYSCLK  11059200
  11      =1  #define BAUDRATE  57600//9600
  12      =1  #endif
  13      =1  
  14      =1  //STC11L04扩展寄存器定义说明
  15      =1  sfr BRT = 0x9C;//独立波特率发生器
  16      =1  sfr AUXR = 0x8E;
  17      =1  sfr AUXR1 = 0xA2;
  18      =1  
  19      =1  #define RELOAD  ( 256 - (u8)(((SYSCLK/BAUDRATE)/32)+0.5) );
  20      =1  
  21      =1  #define MAX_UART_BUF  10
  22      =1  extern unsigned char gv_uart_buf[MAX_UART_BUF];
  23      =1  extern unsigned char gv_uart_buflen;
  24      =1  
  25      =1  void uart_init ( void );
  26      =1  void send_data ( unsigned char indata );
  27      =1  void uart_send_buf ( int len, unsigned char *packet );
  28      =1  
  29      =1  #define UART_DEBUG 0
  30      =1  #if UART_DEBUG
           =1 void msg ( unsigned char *printf_msg );
           =1 #endif//if UART_DEBUG
  33      =1  
  34      =1  
  35      =1  #endif//ifndef  __MCU_STC11L04_H
  36      =1  
  37      =1  
  38      =1  
  39      =1  
   2          
   3          #include <reg52.h>
   1      =1  /*--------------------------------------------------------------------------
   2      =1  REG52.H
   3      =1  
   4      =1  Header file for generic 80C52 and 80C32 microcontroller.
   5      =1  Copyright (c) 1988-2002 Keil Elektronik GmbH and Keil Software, Inc.
   6      =1  All rights reserved.
   7      =1  --------------------------------------------------------------------------*/
   8      =1  
   9      =1  #ifndef __REG52_H__
  10      =1  #define __REG52_H__
  11      =1  
  12      =1  /*  BYTE Registers  */
C51 COMPILER V9.51   MCU_STC11L04                                                          03/11/2015 10:27:33 PAGE 2   

  13      =1  sfr P0    = 0x80;
  14      =1  sfr P1    = 0x90;
  15      =1  sfr P2    = 0xA0;
  16      =1  sfr P3    = 0xB0;
  17      =1  sfr PSW   = 0xD0;
  18      =1  sfr ACC   = 0xE0;
  19      =1  sfr B     = 0xF0;
  20      =1  sfr SP    = 0x81;
  21      =1  sfr DPL   = 0x82;
  22      =1  sfr DPH   = 0x83;
  23      =1  sfr PCON  = 0x87;
  24      =1  sfr TCON  = 0x88;
  25      =1  sfr TMOD  = 0x89;
  26      =1  sfr TL0   = 0x8A;
  27      =1  sfr TL1   = 0x8B;
  28      =1  sfr TH0   = 0x8C;
  29      =1  sfr TH1   = 0x8D;
  30      =1  sfr IE    = 0xA8;
  31      =1  sfr IP    = 0xB8;
  32      =1  sfr SCON  = 0x98;
  33      =1  sfr SBUF  = 0x99;
  34      =1  
  35      =1  /*  8052 Extensions  */
  36      =1  sfr T2CON  = 0xC8;
  37      =1  sfr RCAP2L = 0xCA;
  38      =1  sfr RCAP2H = 0xCB;
  39      =1  sfr TL2    = 0xCC;
  40      =1  sfr TH2    = 0xCD;
  41      =1  
  42      =1  
  43      =1  /*  BIT Registers  */
  44      =1  /*  PSW  */
  45      =1  sbit CY    = PSW^7;
  46      =1  sbit AC    = PSW^6;
  47      =1  sbit F0    = PSW^5;
  48      =1  sbit RS1   = PSW^4;
  49      =1  sbit RS0   = PSW^3;
  50      =1  sbit OV    = PSW^2;
  51      =1  sbit P     = PSW^0; //8052 only
  52      =1  
  53      =1  /*  TCON  */
  54      =1  sbit TF1   = TCON^7;
  55      =1  sbit TR1   = TCON^6;
  56      =1  sbit TF0   = TCON^5;
  57      =1  sbit TR0   = TCON^4;
  58      =1  sbit IE1   = TCON^3;
  59      =1  sbit IT1   = TCON^2;
  60      =1  sbit IE0   = TCON^1;
  61      =1  sbit IT0   = TCON^0;
  62      =1  
  63      =1  /*  IE  */
  64      =1  sbit EA    = IE^7;
  65      =1  sbit ET2   = IE^5; //8052 only
  66      =1  sbit ES    = IE^4;
  67      =1  sbit ET1   = IE^3;
  68      =1  sbit EX1   = IE^2;
  69      =1  sbit ET0   = IE^1;
  70      =1  sbit EX0   = IE^0;
  71      =1  
  72      =1  /*  IP  */
  73      =1  sbit PT2   = IP^5;
  74      =1  sbit PS    = IP^4;
C51 COMPILER V9.51   MCU_STC11L04                                                          03/11/2015 10:27:33 PAGE 3   

  75      =1  sbit PT1   = IP^3;
  76      =1  sbit PX1   = IP^2;
  77      =1  sbit PT0   = IP^1;
  78      =1  sbit PX0   = IP^0;
  79      =1  
  80      =1  /*  P3  */
  81      =1  sbit RD    = P3^7;
  82      =1  sbit WR    = P3^6;
  83      =1  sbit T1    = P3^5;
  84      =1  sbit T0    = P3^4;
  85      =1  sbit INT1  = P3^3;
  86      =1  sbit INT0  = P3^2;
  87      =1  sbit TXD   = P3^1;
  88      =1  sbit RXD   = P3^0;
  89      =1  
  90      =1  /*  SCON  */
  91      =1  sbit SM0   = SCON^7;
  92      =1  sbit SM1   = SCON^6;
  93      =1  sbit SM2   = SCON^5;
  94      =1  sbit REN   = SCON^4;
  95      =1  sbit TB8   = SCON^3;
  96      =1  sbit RB8   = SCON^2;
  97      =1  sbit TI    = SCON^1;
  98      =1  sbit RI    = SCON^0;
  99      =1  
 100      =1  /*  P1  */
 101      =1  sbit T2EX  = P1^1; // 8052 only
 102      =1  sbit T2    = P1^0; // 8052 only
 103      =1               
 104      =1  /*  T2CON  */
 105      =1  sbit TF2    = T2CON^7;
 106      =1  sbit EXF2   = T2CON^6;
 107      =1  sbit RCLK   = T2CON^5;
 108      =1  sbit TCLK   = T2CON^4;
 109      =1  sbit EXEN2  = T2CON^3;
 110      =1  sbit TR2    = T2CON^2;
 111      =1  sbit C_T2   = T2CON^1;
 112      =1  sbit CP_RL2 = T2CON^0;
 113      =1  
 114      =1  #endif
   4          
   5          //函数名称：
   6          //函数功能：
   7          //参数描述：
   8          // 返 回 值：
   9          void uart_init ( void )
  10          {
  11   1      #if 0 
                SCON = 0x50;  //UART 方式1 , 8位可变波特率，无奇偶校验位
                PCON |= 0x80;  
                BRT  = 256-(int)(SYSCLK/BAUDRATE/16+0.5); 
                AUXR = 0x15;    //BRTR=1,启动独立波特率发生器
                        // 1T模式 Baud=Fosc/(256-RELOAD_COUNT)/32
                        // S1BRS  =1,串口1选择独立波特率发生器作为波特率发生器
              //  AUXR1|=0x80;    //UART P3 switch to P1
              
                ES = 1;   //允许串口中断
                PS = 1;
              #else
  23   1          TMOD = 0X021;        //T0 WORKING AT MODEL 1 16BITS COUNTER,t1--8bit autoload
  24   1          //ET0 = 1;             //PERMIT T0 INTERRUPT
  25   1          //ET1 = 0;
C51 COMPILER V9.51   MCU_STC11L04                                                          03/11/2015 10:27:33 PAGE 4   

  26   1          EA = 1;              //ALL INTERRUPT PERMIT?
  27   1          //TR0 = 1;             //T0 START WORKING
  28   1          TL1 = 253;//0X0E8;
  29   1          TH1 = 253;//0X0E8;         //BAUD =11.0592M/12/32/(256-253)=9600B/S
  30   1          //TL1 = 0X0fc;
  31   1          //TH1 = 0X0fc;         //BAUD =1.8432M/12/32/(256-252)=1200B/S
  32   1          //TL1 = 0X0f8;
  33   1          //TH1 = 0X0f8;         //BAUD =1.8432M/12/32/(256-248)=600B/S
  34   1          TR1 = 1;             //T1 START WORKING
  35   1          PCON = 0X000;        //SMOD=1????,--2400b/s
  36   1      
  37   1      
  38   1          /*UART SETTING**************************************/
  39   1          SCON = 0X050;       //UART WORKING AT MODEL 1/????,ENABLE RECEIVING
  40   1          ES = 1;             //enable UART RECEIVING
  41   1      #endif  
  42   1        
  43   1        
  44   1      }
  45          unsigned char gv_uart_buf[MAX_UART_BUF];
  46          unsigned char gv_uart_buflen=0;
  47          void uart_inter ( void ) interrupt 4 using 0
  48          {
  49   1        if ( 1==RI )
  50   1        {
  51   2          RI = 0;
  52   2      
  53   2          gv_uart_buf[gv_uart_buflen] = SBUF;
  54   2          gv_uart_buflen ++;  
  55   2        }
  56   1      }
  57          //函数名称：
  58          //函数功能：
  59          //参数描述：
  60          // 返 回 值：
  61          void send_data ( unsigned char indata )
  62          {
  63   1        SBUF = indata;
  64   1        while ( !TI );
  65   1        TI = 0;
  66   1      }
  67          //函数名称：
  68          //函数功能：
  69          //参数描述：
  70          // 返 回 值：
  71          void uart_send_buf ( int len, unsigned char *packet )
  72          {
  73   1        if ( len==0 ) return ;
  74   1        do{
  75   2          send_data ( *packet ++ );
  76   2          len --; 
  77   2        }while ( len );
  78   1      }
  79          
  80          #if UART_DEBUG
              //函数名称：
              //函数功能：
              //参数描述：
              // 返 回 值：
              void msg ( unsigned char *printf_msg )
              {
                while ( *printf_msg )
C51 COMPILER V9.51   MCU_STC11L04                                                          03/11/2015 10:27:33 PAGE 5   

                  send_data ( *printf_msg ++ );
              }
              #endif //if UART_DEBUG
C51 COMPILER V9.51   MCU_STC11L04                                                          03/11/2015 10:27:33 PAGE 6   

ASSEMBLY LISTING OF GENERATED OBJECT CODE


             ; FUNCTION uart_init (BEGIN)
                                           ; SOURCE LINE # 9
                                           ; SOURCE LINE # 10
                                           ; SOURCE LINE # 23
0000 758921            MOV     TMOD,#021H
                                           ; SOURCE LINE # 26
0003 D2AF              SETB    EA
                                           ; SOURCE LINE # 28
0005 758BFD            MOV     TL1,#0FDH
                                           ; SOURCE LINE # 29
0008 758DFD            MOV     TH1,#0FDH
                                           ; SOURCE LINE # 34
000B D28E              SETB    TR1
                                           ; SOURCE LINE # 35
000D E4                CLR     A
000E F587              MOV     PCON,A
                                           ; SOURCE LINE # 39
0010 759850            MOV     SCON,#050H
                                           ; SOURCE LINE # 40
0013 D2AC              SETB    ES
                                           ; SOURCE LINE # 44
0015 22                RET     
             ; FUNCTION uart_init (END)

             ; FUNCTION uart_inter (BEGIN)
0000 C0E0              PUSH    ACC
0002 C0D0              PUSH    PSW
0004 75D000            MOV     PSW,#00H
                                           ; SOURCE LINE # 47
                                           ; SOURCE LINE # 49
0007 30980B            JNB     RI,?C0003
                                           ; SOURCE LINE # 50
                                           ; SOURCE LINE # 51
000A C298              CLR     RI
                                           ; SOURCE LINE # 53
000C 7400        R     MOV     A,#LOW gv_uart_buf
000E 2500        R     ADD     A,gv_uart_buflen
0010 F8                MOV     R0,A
0011 A699              MOV     @R0,SBUF
                                           ; SOURCE LINE # 54
0013 0500        R     INC     gv_uart_buflen
                                           ; SOURCE LINE # 55
                                           ; SOURCE LINE # 56
0015         ?C0003:
0015 D0D0              POP     PSW
0017 D0E0              POP     ACC
0019 32                RETI    
             ; FUNCTION uart_inter (END)

             ; FUNCTION _send_data (BEGIN)
                                           ; SOURCE LINE # 61
;---- Variable 'indata' assigned to Register 'R7' ----
                                           ; SOURCE LINE # 62
                                           ; SOURCE LINE # 63
0000 8F99              MOV     SBUF,R7
0002         ?C0004:
                                           ; SOURCE LINE # 64
0002 3099FD            JNB     TI,?C0004
0005         ?C0005:
C51 COMPILER V9.51   MCU_STC11L04                                                          03/11/2015 10:27:33 PAGE 7   

                                           ; SOURCE LINE # 65
0005 C299              CLR     TI
                                           ; SOURCE LINE # 66
0007 22                RET     
             ; FUNCTION _send_data (END)

             ; FUNCTION _uart_send_buf (BEGIN)
                                           ; SOURCE LINE # 71
0000 8B00        R     MOV     packet,R3
0002 8A00        R     MOV     packet+01H,R2
0004 8900        R     MOV     packet+02H,R1
;---- Variable 'len' assigned to Register 'R4/R5' ----
0006 AD07              MOV     R5,AR7
0008 AC06              MOV     R4,AR6
                                           ; SOURCE LINE # 72
                                           ; SOURCE LINE # 73
000A ED                MOV     A,R5
000B 4C                ORL     A,R4
000C 601E              JZ      ?C0008
000E         ?C0007:
000E         ?C0011:
                                           ; SOURCE LINE # 74
                                           ; SOURCE LINE # 75
000E AB00        R     MOV     R3,packet
0010 0500        R     INC     packet+02H
0012 E500        R     MOV     A,packet+02H
0014 AA00        R     MOV     R2,packet+01H
0016 7002              JNZ     ?C0012
0018 0500        R     INC     packet+01H
001A         ?C0012:
001A 14                DEC     A
001B F9                MOV     R1,A
001C 120000      E     LCALL   ?C?CLDPTR
001F FF                MOV     R7,A
0020 120000      R     LCALL   _send_data
                                           ; SOURCE LINE # 76
0023 ED                MOV     A,R5
0024 1D                DEC     R5
0025 7001              JNZ     ?C0013
0027 1C                DEC     R4
0028         ?C0013:
                                           ; SOURCE LINE # 77
0028 ED                MOV     A,R5
0029 4C                ORL     A,R4
002A 70E2              JNZ     ?C0011
                                           ; SOURCE LINE # 78
002C         ?C0008:
002C 22                RET     
             ; FUNCTION _uart_send_buf (END)

C51 COMPILER V9.51   MCU_STC11L04                                                          03/11/2015 10:27:33 PAGE 8   

NAME                                    CLASS   MSPACE  TYPE    OFFSET  SIZE
====                                    =====   ======  ====    ======  ====


P1 . . . . . . . . . . . . . . . . . .  SFR      DATA   U_CHAR   0090H  1
P3 . . . . . . . . . . . . . . . . . .  SFR      DATA   U_CHAR   00B0H  1
EA . . . . . . . . . . . . . . . . . .  ABSBIT   -----  BIT      00AFH  1
IE . . . . . . . . . . . . . . . . . .  SFR      DATA   U_CHAR   00A8H  1
ES . . . . . . . . . . . . . . . . . .  ABSBIT   -----  BIT      00ACH  1
IP . . . . . . . . . . . . . . . . . .  SFR      DATA   U_CHAR   00B8H  1
RI . . . . . . . . . . . . . . . . . .  ABSBIT   -----  BIT      0098H  1
gv_uart_buf. . . . . . . . . . . . . .  PUBLIC   DATA   ARRAY    0000H  10
TI . . . . . . . . . . . . . . . . . .  ABSBIT   -----  BIT      0099H  1
_send_data . . . . . . . . . . . . . .  PUBLIC   CODE   PROC     0000H  -----
  indata . . . . . . . . . . . . . . .  * REG *  DATA   U_CHAR   0007H  1
SBUF . . . . . . . . . . . . . . . . .  SFR      DATA   U_CHAR   0099H  1
PCON . . . . . . . . . . . . . . . . .  SFR      DATA   U_CHAR   0087H  1
SCON . . . . . . . . . . . . . . . . .  SFR      DATA   U_CHAR   0098H  1
TMOD . . . . . . . . . . . . . . . . .  SFR      DATA   U_CHAR   0089H  1
TCON . . . . . . . . . . . . . . . . .  SFR      DATA   U_CHAR   0088H  1
uart_inter . . . . . . . . . . . . . .  PUBLIC   CODE   PROC     0000H  -----
TH1. . . . . . . . . . . . . . . . . .  SFR      DATA   U_CHAR   008DH  1
TL1. . . . . . . . . . . . . . . . . .  SFR      DATA   U_CHAR   008BH  1
uart_init. . . . . . . . . . . . . . .  PUBLIC   CODE   PROC     0000H  -----
TR1. . . . . . . . . . . . . . . . . .  ABSBIT   -----  BIT      008EH  1
gv_uart_buflen . . . . . . . . . . . .  PUBLIC   DATA   U_CHAR   000AH  1
T2CON. . . . . . . . . . . . . . . . .  SFR      DATA   U_CHAR   00C8H  1
_uart_send_buf . . . . . . . . . . . .  PUBLIC   CODE   PROC     0000H  -----
  len. . . . . . . . . . . . . . . . .  * REG *  DATA   INT      0004H  2
  packet . . . . . . . . . . . . . . .  AUTO     DATA   PTR      0000H  3
PSW. . . . . . . . . . . . . . . . . .  SFR      DATA   U_CHAR   00D0H  1


MODULE INFORMATION:   STATIC OVERLAYABLE
   CODE SIZE        =    101    ----
   CONSTANT SIZE    =   ----    ----
   XDATA SIZE       =   ----    ----
   PDATA SIZE       =   ----    ----
   DATA SIZE        =     11       3
   IDATA SIZE       =   ----    ----
   BIT SIZE         =   ----    ----
END OF MODULE INFORMATION.


C51 COMPILATION COMPLETE.  0 WARNING(S),  0 ERROR(S)
